// Vitest Snapshot v1, https://vitest.dev/guide/snapshot.html

exports[`SearchRedirectForm > has the correct HTML 1`] = `
"<form class="tab-guides-search-form">
  <div class="bobcat_embed_search_field"><span class="bobcat_embed_"><label for="tab-guides-query">Search for </label><input id="tab-guides-query" aria-label="Search in library guides" type="text" class="bobcat_embed_searchbox_textfield" placeholder="Placeholder text" aria-describedby="Placeholder text"></span><span class="bobat_embed_searchbox_submit_container"><input aria-label="Search" class="bobcat_embed_searchbox_submit" name="Submit" type="submit" value="GO"></span></div>
</form>"
`;
