// Vitest Snapshot v1, https://vitest.dev/guide/snapshot.html

exports[`TabItem > 'NYU' > { label: 'Catalog Search', …(4) } > has the correct HTML 1`] = `"<li><a href="#" title="Search NYU's catalog for books, journals, scripts, scores, archival materials, NYU dissertations, videos, sound recordings"></a></li>"`;

exports[`TabItem > 'NYU' > { label: 'Course Reserves', …(2) } > has the correct HTML 1`] = `"<li><a href="https://ares.library.nyu.edu/" title="Search for library materials that are held at one location for a particular course" target="_blank"></a></li>"`;

exports[`TabItem > 'NYU' > { label: 'Databases', …(2) } > has the correct HTML 1`] = `"<li><a href="http://guides.nyu.edu/arch" title="Search databases for articles or browse databases by subject" target="_blank"></a></li>"`;

exports[`TabItem > 'NYU' > { label: 'Research Guides', …(2) } > has the correct HTML 1`] = `"<li><a href="https://guides.nyu.edu" title="Guides to help you find library resources on specific subjects and courses" target="_blank"></a></li>"`;

exports[`TabItem > 'NYU_HOME' > { label: 'Articles & Databases', …(2) } > has the correct HTML 1`] = `"<li><a href="http://guides.nyu.edu/arch" title="Search databases for articles or browse databases by subject" target="_blank"></a></li>"`;

exports[`TabItem > 'NYU_HOME' > { label: 'Catalog Search', …(4) } > has the correct HTML 1`] = `"<li><a href="https://search.library.nyu.edu/discovery/search?vid=01NYU_INST:NYU_DEV" title="Search NYU's catalog for books, journals, scripts, scores, archival materials, NYU dissertations, videos, sound recordings" target="_blank"></a></li>"`;

exports[`TabItem > 'NYU_HOME' > { label: 'Course Reserves', …(2) } > has the correct HTML 1`] = `"<li><a href="https://ares.library.nyu.edu/" title="Search for library materials that are held at one location for a particular course" target="_blank"></a></li>"`;

exports[`TabItem > 'NYUAD' > { label: 'Catalog Search', …(4) } > has the correct HTML 1`] = `"<li><a href="#" title="Search NYU's catalog for books, journals, scripts, scores, archival materials, NYU dissertations, videos, sound recordings"></a></li>"`;

exports[`TabItem > 'NYUAD' > { label: 'Course Reserves', …(3) } > has the correct HTML 1`] = `"<li><a href="#" title="Search for library materials that are held at one location for a particular course"></a></li>"`;

exports[`TabItem > 'NYUAD' > { label: 'Databases', …(2) } > has the correct HTML 1`] = `"<li><a href="http://guides.nyu.edu/adarch" title="Search databases for articles or browse databases by subject" target="_blank"></a></li>"`;

exports[`TabItem > 'NYUAD' > { label: 'My Accounts', …(2) } > has the correct HTML 1`] = `"<li><a href="#" title="My Accounts"></a></li>"`;

exports[`TabItem > 'NYUAD' > { label: 'Research Guides', …(3) } > has the correct HTML 1`] = `"<li><a href="#" title="Guides to help you find library resources on specific subjects and courses"></a></li>"`;

exports[`TabItem > 'NYUSH' > { label: 'Catalog Search', …(4) } > has the correct HTML 1`] = `"<li><a href="#" title="Search NYU's catalog for books, journals, scripts, scores, archival materials, NYU dissertations, videos, sound recordings"></a></li>"`;

exports[`TabItem > 'NYUSH' > { label: 'Course Reserves', …(2) } > has the correct HTML 1`] = `"<li><a href="https://ares.library.nyu.edu/" title="Search for library materials that are held at one location for a particular course" target="_blank"></a></li>"`;

exports[`TabItem > 'NYUSH' > { label: 'Databases', …(2) } > has the correct HTML 1`] = `"<li><a href="http://guides.nyu.edu/arch" title="Search databases for articles or browse databases by subject" target="_blank"></a></li>"`;

exports[`TabItem > 'NYUSH' > { label: 'My Accounts', …(2) } > has the correct HTML 1`] = `"<li><a href="#" title="My Accounts"></a></li>"`;

exports[`TabItem > 'NYUSH' > { label: 'Research Guides', …(3) } > has the correct HTML 1`] = `"<li><a href="#" title="Guides to help you find library resources on specific subjects and courses"></a></li>"`;
